// Vitest Snapshot v1, https://vitest.dev/guide/snapshot.html

exports[`readVaultOnchain (slim) > no pending withdrawal → pendingWithdrawal=null 1`] = `
{
  "exists": true,
  "pendingVoucherCount": 7,
  "pendingWithdrawal": null,
}
`;

exports[`readVaultOnchain (slim) > with pending withdrawal → decoded 1`] = `
{
  "exists": true,
  "pendingVoucherCount": 7,
  "pendingWithdrawal": {
    "amount": "100000",
    "destination": "EnTJCS15dqbDTU2XywYSMaScoPv4Py4GzExrtY9DQxoD",
    "requestedAt": 1735689600,
  },
}
`;
